/*C6*/SET SCHEMA PUBLIC
drop table if exists user CASCADE 
drop sequence hibernate_sequence if exists
create sequence hibernate_sequence start with 1 increment by 1
create table user (id_user integer not null, email_user varchar(255), firstname_user varchar(255), lastname_user varchar(255), password_user varchar(255), primary key (id_user))
/*C5*/SET SCHEMA PUBLIC
INSERT INTO USER VALUES(1,'admin@admin.com','admin','admin','admin')
COMMIT
INSERT INTO USER VALUES(2,'john@gmail.com','john','doe','johndoe')
COMMIT
INSERT INTO USER VALUES(3,'sham@yahoo.com','sham','tis','shamtis')
COMMIT
